// Jest Snapshot v1, https://goo.gl/fbAQLP

exports[`[Component]: Texxtarea should match the Snapshot 1`] = `
<form
  action="#"
  onReset={[Function]}
  onSubmit={[Function]}
>
  <div
    className="container "
  >
    <div
      className="fieldContainer"
    >
      <textarea
        className="textarea"
        data-testid="textarea-description"
        disabled={false}
        name="description"
        onBlur={[Function]}
        onChange={[Function]}
        placeholder=""
        value=""
      />
      <div
        className="container  label"
      >
        <label
          className="label"
          htmlFor="description"
        >
          description
        </label>
      </div>
    </div>
    
    
    
  </div>
</form>
`;
