// Jest Snapshot v1, https://goo.gl/fbAQLP

exports[`[Component]: Input should match the Snapshot 1`] = `
<form
  action="#"
  onReset={[Function]}
  onSubmit={[Function]}
>
  <div
    className="container "
  >
    <div
      className="inputWithTooltipContainer"
    >
      <input
        className={
          Array [
            "input",
          ]
        }
        data-testid="input-name"
        disabled={false}
        id="name"
        name="name"
        onBlur={[Function]}
        onChange={[Function]}
        onFocus={[Function]}
        placeholder=""
        value=""
      />
      <div
        className="container  "
      >
        <label
          className="label"
          htmlFor="name"
        >
          Name
        </label>
      </div>
    </div>
    
    
    
  </div>
</form>
`;
