// Jest Snapshot v1, https://goo.gl/fbAQLP

exports[`[Component]: Input should match the Snapshot 1`] = `
<form
  action="#"
  className=""
  onReset={[Function]}
  onSubmit={[Function]}
>
  <div
    className="container "
  >
    <div
      className="inputWithTooltipContainer"
    >
      <input
        className={
          Array [
            "input",
          ]
        }
        data-testid="input-name"
        disabled={false}
        formik={
          Object {
            "dirty": false,
            "errors": Object {},
            "getFieldHelpers": [Function],
            "getFieldMeta": [Function],
            "getFieldProps": [Function],
            "handleBlur": [Function],
            "handleChange": [Function],
            "handleReset": [Function],
            "handleSubmit": [Function],
            "initialErrors": Object {},
            "initialStatus": undefined,
            "initialTouched": Object {},
            "initialValues": Object {
              "name": "",
            },
            "isSubmitting": false,
            "isValid": true,
            "isValidating": false,
            "registerField": [Function],
            "resetForm": [Function],
            "setErrors": [Function],
            "setFieldError": [Function],
            "setFieldTouched": [Function],
            "setFieldValue": [Function],
            "setFormikState": [Function],
            "setStatus": [Function],
            "setSubmitting": [Function],
            "setTouched": [Function],
            "setValues": [Function],
            "status": undefined,
            "submitCount": 0,
            "submitForm": [Function],
            "touched": Object {},
            "unregisterField": [Function],
            "validateField": [Function],
            "validateForm": [Function],
            "validateOnBlur": true,
            "validateOnChange": true,
            "validateOnMount": false,
            "values": Object {
              "name": "",
            },
          }
        }
        id="name"
        name="name"
        onBlur={[Function]}
        onChange={[Function]}
        onFocus={[Function]}
        placeholder=""
        tooltipBoxDescription=""
        tooltipBoxDescriptionElement={null}
        tooltipBoxHeading=""
        value=""
      />
      <div
        className="container  "
      >
        <label
          className="label"
          htmlFor="name"
        >
          Name
        </label>
      </div>
    </div>
    
    
    
  </div>
</form>
`;
