// Jest Snapshot v1, https://goo.gl/fbAQLP

exports[`[Component]: RadioButtonGroup should match the Snapshot 1`] = `
<form
  action="#"
  className=""
  onReset={[Function]}
  onSubmit={[Function]}
>
  <div
    className="container "
  >
    <div
      className="container   slideLabel componentHeading"
    >
      <label
        className="label"
        htmlFor="radioOption"
      >
        radioOption
      </label>
    </div>
    <div
      aria-labelledby="radioOption"
      className="radioGroup"
      role="group"
    >
      <div
        className="radioButtonWithLabel"
      >
        <label
          className="optionLabel"
        >
          <input
            checked={false}
            className="radioInput"
            data-testid="radio-button-One Radio"
            disabled={false}
            formik={
              Object {
                "dirty": false,
                "errors": Object {},
                "getFieldHelpers": [Function],
                "getFieldMeta": [Function],
                "getFieldProps": [Function],
                "handleBlur": [Function],
                "handleChange": [Function],
                "handleReset": [Function],
                "handleSubmit": [Function],
                "initialErrors": Object {},
                "initialStatus": undefined,
                "initialTouched": Object {},
                "initialValues": Object {
                  "radioOption": "",
                },
                "isSubmitting": false,
                "isValid": true,
                "isValidating": false,
                "registerField": [Function],
                "resetForm": [Function],
                "setErrors": [Function],
                "setFieldError": [Function],
                "setFieldTouched": [Function],
                "setFieldValue": [Function],
                "setFormikState": [Function],
                "setStatus": [Function],
                "setSubmitting": [Function],
                "setTouched": [Function],
                "setValues": [Function],
                "status": undefined,
                "submitCount": 0,
                "submitForm": [Function],
                "touched": Object {},
                "unregisterField": [Function],
                "validateField": [Function],
                "validateForm": [Function],
                "validateOnBlur": true,
                "validateOnChange": true,
                "validateOnMount": false,
                "values": Object {
                  "radioOption": "",
                },
              }
            }
            name="radioOption"
            onBlur={[Function]}
            onChange={[Function]}
            type="radio"
            value="one"
          />
          <span
            className="presentationalRadioButton"
          >
            <span
              className="radioButtonSelected"
            />
          </span>
          <span
            className="labelSpanElement"
          >
            One Radio
          </span>
        </label>
      </div>
      <div
        className="radioButtonWithLabel"
      >
        <label
          className="optionLabel"
        >
          <input
            checked={false}
            className="radioInput"
            data-testid="radio-button-Two Radio"
            disabled={false}
            formik={
              Object {
                "dirty": false,
                "errors": Object {},
                "getFieldHelpers": [Function],
                "getFieldMeta": [Function],
                "getFieldProps": [Function],
                "handleBlur": [Function],
                "handleChange": [Function],
                "handleReset": [Function],
                "handleSubmit": [Function],
                "initialErrors": Object {},
                "initialStatus": undefined,
                "initialTouched": Object {},
                "initialValues": Object {
                  "radioOption": "",
                },
                "isSubmitting": false,
                "isValid": true,
                "isValidating": false,
                "registerField": [Function],
                "resetForm": [Function],
                "setErrors": [Function],
                "setFieldError": [Function],
                "setFieldTouched": [Function],
                "setFieldValue": [Function],
                "setFormikState": [Function],
                "setStatus": [Function],
                "setSubmitting": [Function],
                "setTouched": [Function],
                "setValues": [Function],
                "status": undefined,
                "submitCount": 0,
                "submitForm": [Function],
                "touched": Object {},
                "unregisterField": [Function],
                "validateField": [Function],
                "validateForm": [Function],
                "validateOnBlur": true,
                "validateOnChange": true,
                "validateOnMount": false,
                "values": Object {
                  "radioOption": "",
                },
              }
            }
            name="radioOption"
            onBlur={[Function]}
            onChange={[Function]}
            type="radio"
            value="two"
          />
          <span
            className="presentationalRadioButton"
          >
            <span
              className="radioButtonSelected"
            />
          </span>
          <span
            className="labelSpanElement"
          >
            Two Radio
          </span>
        </label>
      </div>
      <div
        className="radioButtonWithLabel"
      >
        <label
          className="optionLabel"
        >
          <input
            checked={false}
            className="radioInput"
            data-testid="radio-button-Three Radio"
            disabled={false}
            formik={
              Object {
                "dirty": false,
                "errors": Object {},
                "getFieldHelpers": [Function],
                "getFieldMeta": [Function],
                "getFieldProps": [Function],
                "handleBlur": [Function],
                "handleChange": [Function],
                "handleReset": [Function],
                "handleSubmit": [Function],
                "initialErrors": Object {},
                "initialStatus": undefined,
                "initialTouched": Object {},
                "initialValues": Object {
                  "radioOption": "",
                },
                "isSubmitting": false,
                "isValid": true,
                "isValidating": false,
                "registerField": [Function],
                "resetForm": [Function],
                "setErrors": [Function],
                "setFieldError": [Function],
                "setFieldTouched": [Function],
                "setFieldValue": [Function],
                "setFormikState": [Function],
                "setStatus": [Function],
                "setSubmitting": [Function],
                "setTouched": [Function],
                "setValues": [Function],
                "status": undefined,
                "submitCount": 0,
                "submitForm": [Function],
                "touched": Object {},
                "unregisterField": [Function],
                "validateField": [Function],
                "validateForm": [Function],
                "validateOnBlur": true,
                "validateOnChange": true,
                "validateOnMount": false,
                "values": Object {
                  "radioOption": "",
                },
              }
            }
            name="radioOption"
            onBlur={[Function]}
            onChange={[Function]}
            type="radio"
            value="three"
          />
          <span
            className="presentationalRadioButton"
          >
            <span
              className="radioButtonSelected"
            />
          </span>
          <span
            className="labelSpanElement"
          >
            Three Radio
          </span>
        </label>
        <div
          className="container tooltip"
          data-testid="tooltip-icon-Heading"
        >
          <span
            onClick={[Function]}
            role="button"
            tabIndex="0"
          >
            <img
              alt="tooltip"
              src="test-file-stub"
            />
          </span>
        </div>
      </div>
    </div>
    
    
    
  </div>
</form>
`;
