// Jest Snapshot v1, https://goo.gl/fbAQLP

exports[`[Component]: CheckboxGroup should match the Snapshot 1`] = `
<form
  action="#"
  className=""
  onReset={[Function]}
  onSubmit={[Function]}
>
  <div
    className="container "
  >
    <div
      className="container   slideLabel componentHeading"
    >
      <label
        className="label"
        htmlFor="conditions"
      >
        conditions
      </label>
    </div>
    <div
      aria-labelledby="conditions"
      className="checkboxGroup"
      role="group"
    >
      <div
        className="checkBoxWithLabel"
      >
        <label
          className="optionLabel"
        >
          <input
            checked={false}
            className="checkboxInput"
            data-testid="checkbox-One"
            disabled={false}
            formik={
              Object {
                "dirty": false,
                "errors": Object {},
                "getFieldHelpers": [Function],
                "getFieldMeta": [Function],
                "getFieldProps": [Function],
                "handleBlur": [Function],
                "handleChange": [Function],
                "handleReset": [Function],
                "handleSubmit": [Function],
                "initialErrors": Object {},
                "initialStatus": undefined,
                "initialTouched": Object {},
                "initialValues": Object {
                  "conditions": Array [],
                },
                "isSubmitting": false,
                "isValid": true,
                "isValidating": false,
                "registerField": [Function],
                "resetForm": [Function],
                "setErrors": [Function],
                "setFieldError": [Function],
                "setFieldTouched": [Function],
                "setFieldValue": [Function],
                "setFormikState": [Function],
                "setStatus": [Function],
                "setSubmitting": [Function],
                "setTouched": [Function],
                "setValues": [Function],
                "status": undefined,
                "submitCount": 0,
                "submitForm": [Function],
                "touched": Object {},
                "unregisterField": [Function],
                "validateField": [Function],
                "validateForm": [Function],
                "validateOnBlur": true,
                "validateOnChange": true,
                "validateOnMount": false,
                "values": Object {
                  "conditions": Array [],
                },
              }
            }
            name="conditions"
            onBlur={[Function]}
            onChange={[Function]}
            type="checkbox"
            value="one"
          />
          <span
            className="presentationalCheckbox"
          >
            <span
              className="checkboxChecked"
            />
          </span>
          <span
            className="labelSpanElement"
          >
            One
          </span>
        </label>
      </div>
      <div
        className="checkBoxWithLabel"
      >
        <label
          className="optionLabel"
        >
          <input
            checked={false}
            className="checkboxInput"
            data-testid="checkbox-Two"
            disabled={false}
            formik={
              Object {
                "dirty": false,
                "errors": Object {},
                "getFieldHelpers": [Function],
                "getFieldMeta": [Function],
                "getFieldProps": [Function],
                "handleBlur": [Function],
                "handleChange": [Function],
                "handleReset": [Function],
                "handleSubmit": [Function],
                "initialErrors": Object {},
                "initialStatus": undefined,
                "initialTouched": Object {},
                "initialValues": Object {
                  "conditions": Array [],
                },
                "isSubmitting": false,
                "isValid": true,
                "isValidating": false,
                "registerField": [Function],
                "resetForm": [Function],
                "setErrors": [Function],
                "setFieldError": [Function],
                "setFieldTouched": [Function],
                "setFieldValue": [Function],
                "setFormikState": [Function],
                "setStatus": [Function],
                "setSubmitting": [Function],
                "setTouched": [Function],
                "setValues": [Function],
                "status": undefined,
                "submitCount": 0,
                "submitForm": [Function],
                "touched": Object {},
                "unregisterField": [Function],
                "validateField": [Function],
                "validateForm": [Function],
                "validateOnBlur": true,
                "validateOnChange": true,
                "validateOnMount": false,
                "values": Object {
                  "conditions": Array [],
                },
              }
            }
            name="conditions"
            onBlur={[Function]}
            onChange={[Function]}
            type="checkbox"
            value="two"
          />
          <span
            className="presentationalCheckbox"
          >
            <span
              className="checkboxChecked"
            />
          </span>
          <span
            className="labelSpanElement"
          >
            Two
          </span>
        </label>
      </div>
      <div
        className="checkBoxWithLabel"
      >
        <label
          className="optionLabel"
        >
          <input
            checked={false}
            className="checkboxInput"
            data-testid="checkbox-Three"
            disabled={false}
            formik={
              Object {
                "dirty": false,
                "errors": Object {},
                "getFieldHelpers": [Function],
                "getFieldMeta": [Function],
                "getFieldProps": [Function],
                "handleBlur": [Function],
                "handleChange": [Function],
                "handleReset": [Function],
                "handleSubmit": [Function],
                "initialErrors": Object {},
                "initialStatus": undefined,
                "initialTouched": Object {},
                "initialValues": Object {
                  "conditions": Array [],
                },
                "isSubmitting": false,
                "isValid": true,
                "isValidating": false,
                "registerField": [Function],
                "resetForm": [Function],
                "setErrors": [Function],
                "setFieldError": [Function],
                "setFieldTouched": [Function],
                "setFieldValue": [Function],
                "setFormikState": [Function],
                "setStatus": [Function],
                "setSubmitting": [Function],
                "setTouched": [Function],
                "setValues": [Function],
                "status": undefined,
                "submitCount": 0,
                "submitForm": [Function],
                "touched": Object {},
                "unregisterField": [Function],
                "validateField": [Function],
                "validateForm": [Function],
                "validateOnBlur": true,
                "validateOnChange": true,
                "validateOnMount": false,
                "values": Object {
                  "conditions": Array [],
                },
              }
            }
            name="conditions"
            onBlur={[Function]}
            onChange={[Function]}
            type="checkbox"
            value="three"
          />
          <span
            className="presentationalCheckbox"
          >
            <span
              className="checkboxChecked"
            />
          </span>
          <span
            className="labelSpanElement"
          >
            Three
          </span>
        </label>
        <div
          className="container tooltip"
          data-testid="tooltip-icon-Heading One"
        >
          <span
            onClick={[Function]}
            role="button"
            tabIndex="0"
          >
            <img
              alt="tooltip"
              src="test-file-stub"
            />
          </span>
        </div>
      </div>
      <div
        className="checkBoxWithLabel"
      >
        <label
          className="optionLabel"
        >
          <input
            checked={false}
            className="checkboxInput"
            data-testid="checkbox-four"
            disabled={false}
            formik={
              Object {
                "dirty": false,
                "errors": Object {},
                "getFieldHelpers": [Function],
                "getFieldMeta": [Function],
                "getFieldProps": [Function],
                "handleBlur": [Function],
                "handleChange": [Function],
                "handleReset": [Function],
                "handleSubmit": [Function],
                "initialErrors": Object {},
                "initialStatus": undefined,
                "initialTouched": Object {},
                "initialValues": Object {
                  "conditions": Array [],
                },
                "isSubmitting": false,
                "isValid": true,
                "isValidating": false,
                "registerField": [Function],
                "resetForm": [Function],
                "setErrors": [Function],
                "setFieldError": [Function],
                "setFieldTouched": [Function],
                "setFieldValue": [Function],
                "setFormikState": [Function],
                "setStatus": [Function],
                "setSubmitting": [Function],
                "setTouched": [Function],
                "setValues": [Function],
                "status": undefined,
                "submitCount": 0,
                "submitForm": [Function],
                "touched": Object {},
                "unregisterField": [Function],
                "validateField": [Function],
                "validateForm": [Function],
                "validateOnBlur": true,
                "validateOnChange": true,
                "validateOnMount": false,
                "values": Object {
                  "conditions": Array [],
                },
              }
            }
            name="conditions"
            onBlur={[Function]}
            onChange={[Function]}
            type="checkbox"
            value="four"
          />
          <span
            className="presentationalCheckbox"
          >
            <span
              className="checkboxChecked"
            />
          </span>
          <span
            className="labelSpanElement"
          >
            four
          </span>
        </label>
        <div
          className="container tooltip"
          data-testid="tooltip-icon-Heading Two"
        >
          <span
            onClick={[Function]}
            role="button"
            tabIndex="0"
          >
            <img
              alt="tooltip"
              src="test-file-stub"
            />
          </span>
        </div>
      </div>
    </div>
    
    
    
  </div>
</form>
`;
