// Jest Snapshot v1, https://goo.gl/fbAQLP

exports[`[Component]: CheckboxGroup should match the Snapshot 1`] = `
<form
  action="#"
  onReset={[Function]}
  onSubmit={[Function]}
>
  <div
    className="container"
  >
    <div
      className="container  slideLabel componentHeading"
    >
      <label
        className="label"
        htmlFor="conditions"
      >
        conditions
      </label>
    </div>
    <div
      aria-labelledby="conditions"
      className="checkboxGroup"
      role="group"
    >
      <div
        className="checkBoxWithLabel"
      >
        <label
          className="optionLabel"
        >
          <input
            checked={false}
            className="checkboxInput"
            data-testid="checkbox-One"
            disabled={false}
            name="conditions"
            onBlur={[Function]}
            onChange={[Function]}
            type="checkbox"
            value="one"
          />
          <span
            className="presentationalCheckbox"
          >
            <span
              className="checkboxChecked"
            />
          </span>
          <span
            className="labelSpanElement"
          >
            One
          </span>
        </label>
      </div>
      <div
        className="checkBoxWithLabel"
      >
        <label
          className="optionLabel"
        >
          <input
            checked={false}
            className="checkboxInput"
            data-testid="checkbox-Two"
            disabled={false}
            name="conditions"
            onBlur={[Function]}
            onChange={[Function]}
            type="checkbox"
            value="two"
          />
          <span
            className="presentationalCheckbox"
          >
            <span
              className="checkboxChecked"
            />
          </span>
          <span
            className="labelSpanElement"
          >
            Two
          </span>
        </label>
      </div>
      <div
        className="checkBoxWithLabel"
      >
        <label
          className="optionLabel"
        >
          <input
            checked={false}
            className="checkboxInput"
            data-testid="checkbox-Three"
            disabled={false}
            name="conditions"
            onBlur={[Function]}
            onChange={[Function]}
            type="checkbox"
            value="three"
          />
          <span
            className="presentationalCheckbox"
          >
            <span
              className="checkboxChecked"
            />
          </span>
          <span
            className="labelSpanElement"
          >
            Three
          </span>
        </label>
        <div
          className="container tooltip"
          data-testid="tooltip-icon-Heading One"
        >
          <img
            alt="tooltip"
            onClick={[Function]}
            src="test-file-stub"
          />
        </div>
      </div>
      <div
        className="checkBoxWithLabel"
      >
        <label
          className="optionLabel"
        >
          <input
            checked={false}
            className="checkboxInput"
            data-testid="checkbox-four"
            disabled={false}
            name="conditions"
            onBlur={[Function]}
            onChange={[Function]}
            type="checkbox"
            value="four"
          />
          <span
            className="presentationalCheckbox"
          >
            <span
              className="checkboxChecked"
            />
          </span>
          <span
            className="labelSpanElement"
          >
            four
          </span>
        </label>
        <div
          className="container tooltip"
          data-testid="tooltip-icon-Heading Two"
        >
          <img
            alt="tooltip"
            onClick={[Function]}
            src="test-file-stub"
          />
        </div>
      </div>
    </div>
    
    
    
  </div>
</form>
`;
